[    0.000000] Linux version 5.11.0-34-generic (buildd@lgw01-amd64-001) (gcc (Ubuntu 9.3.0-17ubuntu1~20.04) 9.3.0, GNU ld (GNU Binutils for Ubuntu) 2.34) #36~20.04.1-Ubuntu SMP Fri Aug 27 08:06:32 UTC 2021 (Ubuntu 5.11.0-34.36~20.04.1-generic 5.11.22)
[    0.000000] Command line: BOOT_IMAGE=/boot/vmlinuz-5.11.0-34-generic root=UUID=de25cf6f-6454-489a-b611-b6536a74ca2d ro quiet splash
[    0.000000] KERNEL supported cpus:
[    0.000000]   Intel GenuineIntel
[    0.000000]   AMD AuthenticAMD
[    0.000000]   Hygon HygonGenuine
[    0.000000]   Centaur CentaurHauls
[    0.000000]   zhaoxin   Shanghai  
[    0.000000] x86/fpu: Supporting XSAVE feature 0x001: 'x87 floating point registers'
[    0.000000] x86/fpu: Supporting XSAVE feature 0x002: 'SSE registers'
[    0.000000] x86/fpu: Supporting XSAVE feature 0x004: 'AVX registers'
[    0.000000] x86/fpu: xstate_offset[2]:  576, xstate_sizes[2]:  256
[    0.000000] x86/fpu: Enabled xstate features 0x7, context size is 832 bytes, using 'standard' format.
[    0.000000] BIOS-provided physical RAM map:
[    0.000000] BIOS-e820: [mem 0x0000000000000000-0x000000000009fbff] usable
[    0.000000] BIOS-e820: [mem 0x000000000009fc00-0x000000000009ffff] reserved
[    0.000000] BIOS-e820: [mem 0x00000000000f0000-0x00000000000fffff] reserved
[    0.000000] BIOS-e820: [mem 0x0000000000100000-0x00000000dffeffff] usable
[    0.000000] BIOS-e820: [mem 0x00000000dfff0000-0x00000000dfffffff] ACPI data
[    0.000000] BIOS-e820: [mem 0x00000000fec00000-0x00000000fec00fff] reserved
[    0.000000] BIOS-e820: [mem 0x00000000fee00000-0x00000000fee00fff] reserved
[    0.000000] BIOS-e820: [mem 0x00000000fffc0000-0x00000000ffffffff] reserved
[    0.000000] BIOS-e820: [mem 0x0000000100000000-0x000000011fffffff] usable
[    0.000000] NX (Execute Disable) protection: active
[    0.000000] SMBIOS 2.5 present.
[    0.000000] DMI: innotek GmbH VirtualBox/VirtualBox, BIOS VirtualBox 12/01/2006
[    0.000000] Hypervisor detected: KVM
[    0.000000] kvm-clock: Using msrs 4b564d01 and 4b564d00
[    0.000000] kvm-clock: cpu 0, msr c4801001, primary cpu clock
[    0.000000] kvm-clock: using sched offset of 3795957006 cycles
[    0.000001] clocksource: kvm-clock: mask: 0xffffffffffffffff max_cycles: 0x1cd42e4dffb, max_idle_ns: 881590591483 ns
[    0.000003] tsc: Detected 2592.004 MHz processor
[    0.000931] e820: update [mem 0x00000000-0x00000fff] usable ==> reserved
[    0.000935] e820: remove [mem 0x000a0000-0x000fffff] usable
[    0.000938] last_pfn = 0x120000 max_arch_pfn = 0x400000000
[    0.000947] MTRR default type: uncachable
[    0.000949] MTRR variable ranges disabled:
[    0.000951] Disabled
[    0.000952] x86/PAT: MTRRs disabled, skipping PAT initialization too.
[    0.000954] CPU MTRRs all blank - virtualized system.
[    0.000955] x86/PAT: Configuration [0-7]: WB  WT  UC- UC  WB  WT  UC- UC  
[    0.000958] last_pfn = 0xdfff0 max_arch_pfn = 0x400000000
[    0.000984] found SMP MP-table at [mem 0x0009fff0-0x0009ffff]
[    0.066054] check: Scanning 1 areas for low memory corruption
[    0.070051] RAMDISK: [mem 0x31ac3000-0x34d58fff]
[    0.070059] ACPI: Early table checksum verification disabled
[    0.070063] ACPI: RSDP 0x00000000000E0000 000024 (v02 VBOX  )
[    0.070066] ACPI: XSDT 0x00000000DFFF0030 00003C (v01 VBOX   VBOXXSDT 00000001 ASL  00000061)
[    0.070071] ACPI: FACP 0x00000000DFFF00F0 0000F4 (v04 VBOX   VBOXFACP 00000001 ASL  00000061)
[    0.070075] ACPI: DSDT 0x00000000DFFF0480 002325 (v02 VBOX   VBOXBIOS 00000002 INTL 20100528)
[    0.070077] ACPI: FACS 0x00000000DFFF0200 000040
[    0.070079] ACPI: FACS 0x00000000DFFF0200 000040
[    0.070081] ACPI: APIC 0x00000000DFFF0240 00006C (v02 VBOX   VBOXAPIC 00000001 ASL  00000061)
[    0.070083] ACPI: SSDT 0x00000000DFFF02B0 0001CC (v01 VBOX   VBOXCPUT 00000002 INTL 20100528)
[    0.070085] ACPI: Reserving FACP table memory at [mem 0xdfff00f0-0xdfff01e3]
[    0.070086] ACPI: Reserving DSDT table memory at [mem 0xdfff0480-0xdfff27a4]
[    0.070087] ACPI: Reserving FACS table memory at [mem 0xdfff0200-0xdfff023f]
[    0.070088] ACPI: Reserving FACS table memory at [mem 0xdfff0200-0xdfff023f]
[    0.070088] ACPI: Reserving APIC table memory at [mem 0xdfff0240-0xdfff02ab]
[    0.070089] ACPI: Reserving SSDT table memory at [mem 0xdfff02b0-0xdfff047b]
[    0.070105] ACPI: Local APIC address 0xfee00000
[    0.070398] No NUMA configuration found
[    0.070400] Faking a node at [mem 0x0000000000000000-0x000000011fffffff]
[    0.070406] NODE_DATA(0) allocated [mem 0x11ffd2000-0x11fffbfff]
[    0.070608] Zone ranges:
[    0.070608]   DMA      [mem 0x0000000000001000-0x0000000000ffffff]
[    0.070610]   DMA32    [mem 0x0000000001000000-0x00000000ffffffff]
[    0.070611]   Normal   [mem 0x0000000100000000-0x000000011fffffff]
[    0.070612]   Device   empty
[    0.070613] Movable zone start for each node
[    0.070615] Early memory node ranges
[    0.070616]   node   0: [mem 0x0000000000001000-0x000000000009efff]
[    0.070617]   node   0: [mem 0x0000000000100000-0x00000000dffeffff]
[    0.070618]   node   0: [mem 0x0000000100000000-0x000000011fffffff]
[    0.070619] Initmem setup node 0 [mem 0x0000000000001000-0x000000011fffffff]
[    0.070620] On node 0 totalpages: 1048462
[    0.070621]   DMA zone: 64 pages used for memmap
[    0.070622]   DMA zone: 21 pages reserved
[    0.070622]   DMA zone: 3998 pages, LIFO batch:0
[    0.073864]   DMA zone: 28770 pages in unavailable ranges
[    0.073867]   DMA32 zone: 14272 pages used for memmap
[    0.073868]   DMA32 zone: 913392 pages, LIFO batch:63
[    0.142042]   DMA32 zone: 16 pages in unavailable ranges
[    0.142047]   Normal zone: 2048 pages used for memmap
[    0.142048]   Normal zone: 131072 pages, LIFO batch:31
[    0.151028] ACPI: PM-Timer IO Port: 0x4008
[    0.151032] ACPI: Local APIC address 0xfee00000
[    0.151077] IOAPIC[0]: apic_id 4, version 32, address 0xfec00000, GSI 0-23
[    0.151080] ACPI: INT_SRC_OVR (bus 0 bus_irq 0 global_irq 2 dfl dfl)
[    0.151082] ACPI: INT_SRC_OVR (bus 0 bus_irq 9 global_irq 9 low level)
[    0.151083] ACPI: IRQ0 used by override.
[    0.151084] ACPI: IRQ9 used by override.
[    0.151085] Using ACPI (MADT) for SMP configuration information
[    0.151090] smpboot: Allowing 4 CPUs, 0 hotplug CPUs
[    0.151105] PM: hibernation: Registered nosave memory: [mem 0x00000000-0x00000fff]
[    0.151107] PM: hibernation: Registered nosave memory: [mem 0x0009f000-0x0009ffff]
[    0.151108] PM: hibernation: Registered nosave memory: [mem 0x000a0000-0x000effff]
[    0.151108] PM: hibernation: Registered nosave memory: [mem 0x000f0000-0x000fffff]
[    0.151109] PM: hibernation: Registered nosave memory: [mem 0xdfff0000-0xdfffffff]
[    0.151110] PM: hibernation: Registered nosave memory: [mem 0xe0000000-0xfebfffff]
[    0.151111] PM: hibernation: Registered nosave memory: [mem 0xfec00000-0xfec00fff]
[    0.151111] PM: hibernation: Registered nosave memory: [mem 0xfec01000-0xfedfffff]
[    0.151112] PM: hibernation: Registered nosave memory: [mem 0xfee00000-0xfee00fff]
[    0.151112] PM: hibernation: Registered nosave memory: [mem 0xfee01000-0xfffbffff]
[    0.151113] PM: hibernation: Registered nosave memory: [mem 0xfffc0000-0xffffffff]
[    0.151114] [mem 0xe0000000-0xfebfffff] available for PCI devices
[    0.151115] Booting paravirtualized kernel on KVM
[    0.151117] clocksource: refined-jiffies: mask: 0xffffffff max_cycles: 0xffffffff, max_idle_ns: 7645519600211568 ns
[    0.151121] setup_percpu: NR_CPUS:8192 nr_cpumask_bits:4 nr_cpu_ids:4 nr_node_ids:1
[    0.154340] percpu: Embedded 56 pages/cpu s192512 r8192 d28672 u524288
[    0.154348] pcpu-alloc: s192512 r8192 d28672 u524288 alloc=1*2097152
[    0.154350] pcpu-alloc: [0] 0 1 2 3 
[    0.154370] kvm-guest: PV spinlocks enabled
[    0.154372] PV qspinlock hash table entries: 256 (order: 0, 4096 bytes, linear)
[    0.154378] Built 1 zonelists, mobility grouping on.  Total pages: 1032057
[    0.154379] Policy zone: Normal
[    0.154380] Kernel command line: BOOT_IMAGE=/boot/vmlinuz-5.11.0-34-generic root=UUID=de25cf6f-6454-489a-b611-b6536a74ca2d ro quiet splash
[    0.158866] Dentry cache hash table entries: 524288 (order: 10, 4194304 bytes, linear)
[    0.160826] Inode-cache hash table entries: 262144 (order: 9, 2097152 bytes, linear)
[    0.160867] mem auto-init: stack:off, heap alloc:on, heap free:off
[    0.215416] Memory: 3968100K/4193848K available (14345K kernel code, 3478K rwdata, 5460K rodata, 2688K init, 5976K bss, 225488K reserved, 0K cma-reserved)
[    0.215422] random: get_random_u64 called from __kmem_cache_create+0x2d/0x430 with crng_init=0
[    0.215487] SLUB: HWalign=64, Order=0-3, MinObjects=0, CPUs=4, Nodes=1
[    0.215494] ftrace: allocating 48679 entries in 191 pages
[    0.228609] ftrace: allocated 191 pages with 7 groups
[    0.232548] rcu: Hierarchical RCU implementation.
[    0.232550] rcu: 	RCU restricting CPUs from NR_CPUS=8192 to nr_cpu_ids=4.
[    0.232551] 	Rude variant of Tasks RCU enabled.
[    0.232552] 	Tracing variant of Tasks RCU enabled.
[    0.232552] rcu: RCU calculated value of scheduler-enlistment delay is 25 jiffies.
[    0.232553] rcu: Adjusting geometry for rcu_fanout_leaf=16, nr_cpu_ids=4
[    0.235793] NR_IRQS: 524544, nr_irqs: 456, preallocated irqs: 16
[    0.236062] random: crng done (trusting CPU's manufacturer)
[    0.243560] Console: colour VGA+ 80x25
[    0.243572] printk: console [tty0] enabled
[    0.243589] ACPI: Core revision 20201113
[    0.243674] APIC: Switch to symmetric I/O mode setup
[    0.243880] x2apic enabled
[    0.244057] Switched APIC routing to physical x2apic.
[    0.245014] ..TIMER: vector=0x30 apic1=0 pin1=2 apic2=-1 pin2=-1
[    0.245035] clocksource: tsc-early: mask: 0xffffffffffffffff max_cycles: 0x255cbae350f, max_idle_ns: 440795327587 ns
[    0.245041] Calibrating delay loop (skipped) preset value.. 5184.00 BogoMIPS (lpj=10368016)
[    0.245043] pid_max: default: 32768 minimum: 301
[    0.245059] LSM: Security Framework initializing
[    0.245065] Yama: becoming mindful.
[    0.245082] AppArmor: AppArmor initialized
[    0.248702] Mount-cache hash table entries: 8192 (order: 4, 65536 bytes, linear)
[    0.248708] Mountpoint-cache hash table entries: 8192 (order: 4, 65536 bytes, linear)
[    0.249274] unchecked MSR access error: WRMSR to 0x3a (tried to write 0x0000000000000001) at rIP: 0xffffffff98e7c5c4 (native_write_msr+0x4/0x30)
[    0.249280] Call Trace:
[    0.249281]  ? init_ia32_feat_ctl+0xa4/0x1d0
[    0.249284]  init_intel+0xdd/0x400
[    0.249286]  identify_cpu+0x2f3/0x580
[    0.249288]  identify_boot_cpu+0x10/0x9a
[    0.249291]  check_bugs+0x2a/0x8af
[    0.249292]  ? __get_locked_pte+0x1c9/0x260
[    0.249295]  start_kernel+0x6a5/0x6df
[    0.249298]  x86_64_start_reservations+0x24/0x26
[    0.249300]  x86_64_start_kernel+0x8b/0x8f
[    0.249301]  secondary_startup_64_no_verify+0xc2/0xcb
[    0.249326] Last level iTLB entries: 4KB 64, 2MB 8, 4MB 8
[    0.249327] Last level dTLB entries: 4KB 64, 2MB 0, 4MB 0, 1GB 4
[    0.249331] Spectre V1 : Mitigation: usercopy/swapgs barriers and __user pointer sanitization
[    0.249333] Spectre V2 : Mitigation: Full generic retpoline
[    0.249333] Spectre V2 : Spectre v2 / SpectreRSB mitigation: Filling RSB on context switch
[    0.249334] Speculative Store Bypass: Vulnerable
[    0.249482] Freeing SMP alternatives memory: 40K
[    0.360431] smpboot: CPU0: Intel(R) Core(TM) i7-10750H CPU @ 2.60GHz (family: 0x6, model: 0xa5, stepping: 0x2)
[    0.360603] Performance Events: unsupported p6 CPU model 165 no PMU driver, software events only.
[    0.360624] rcu: Hierarchical SRCU implementation.
[    0.360931] NMI watchdog: Perf NMI watchdog permanently disabled
[    0.360965] smp: Bringing up secondary CPUs ...
[    0.361021] x86: Booting SMP configuration:
[    0.361022] .... node  #0, CPUs:      #1
[    0.013011] kvm-clock: cpu 1, msr c4801041, secondary cpu clock
[    0.361038]  #2
[    0.013011] kvm-clock: cpu 2, msr c4801081, secondary cpu clock
[    0.361103]  #3
[    0.013011] kvm-clock: cpu 3, msr c48010c1, secondary cpu clock
[    0.363355] smp: Brought up 1 node, 4 CPUs
[    0.363355] smpboot: Max logical packages: 1
[    0.363355] smpboot: Total of 4 processors activated (20736.03 BogoMIPS)
[    0.365060] devtmpfs: initialized
[    0.365072] x86/mm: Memory block size: 128MB
[    0.365314] clocksource: jiffies: mask: 0xffffffff max_cycles: 0xffffffff, max_idle_ns: 7645041785100000 ns
[    0.368168] futex hash table entries: 1024 (order: 4, 65536 bytes, linear)
[    0.368223] pinctrl core: initialized pinctrl subsystem
[    0.368315] PM: RTC time: 23:53:35, date: 2021-09-16
[    0.368424] NET: Registered protocol family 16
[    0.368496] DMA: preallocated 512 KiB GFP_KERNEL pool for atomic allocations
[    0.368519] DMA: preallocated 512 KiB GFP_KERNEL|GFP_DMA pool for atomic allocations
[    0.368542] DMA: preallocated 512 KiB GFP_KERNEL|GFP_DMA32 pool for atomic allocations
[    0.368547] audit: initializing netlink subsys (disabled)
[    0.369045] audit: type=2000 audit(1631836420.317:1): state=initialized audit_enabled=0 res=1
[    0.369124] thermal_sys: Registered thermal governor 'fair_share'
[    0.369125] thermal_sys: Registered thermal governor 'bang_bang'
[    0.369126] thermal_sys: Registered thermal governor 'step_wise'
[    0.369126] thermal_sys: Registered thermal governor 'user_space'
[    0.369127] thermal_sys: Registered thermal governor 'power_allocator'
[    0.369130] EISA bus registered
[    0.369136] cpuidle: using governor ladder
[    0.369138] cpuidle: using governor menu
[    0.369165] ACPI: bus type PCI registered
[    0.369166] acpiphp: ACPI Hot Plug PCI Controller Driver version: 0.5
[    0.369239] PCI: Using configuration type 1 for base access
[    0.370152] Kprobes globally optimized
[    0.370168] HugeTLB registered 2.00 MiB page size, pre-allocated 0 pages
[    0.373096] ACPI: Added _OSI(Module Device)
[    0.373097] ACPI: Added _OSI(Processor Device)
[    0.373098] ACPI: Added _OSI(3.0 _SCP Extensions)
[    0.373099] ACPI: Added _OSI(Processor Aggregator Device)
[    0.373100] ACPI: Added _OSI(Linux-Dell-Video)
[    0.373100] ACPI: Added _OSI(Linux-Lenovo-NV-HDMI-Audio)
[    0.373101] ACPI: Added _OSI(Linux-HPI-Hybrid-Graphics)
[    0.374575] ACPI: 2 ACPI AML tables successfully acquired and loaded
[    0.377409] ACPI: Interpreter enabled
[    0.377417] ACPI: (supports S0 S5)
[    0.377418] ACPI: Using IOAPIC for interrupt routing
[    0.377576] PCI: Using host bridge windows from ACPI; if necessary, use "pci=nocrs" and report a bug
[    0.377661] ACPI: Enabled 2 GPEs in block 00 to 07
[    0.381224] ACPI: PCI Root Bridge [PCI0] (domain 0000 [bus 00-ff])
[    0.381229] acpi PNP0A03:00: _OSC: OS supports [ASPM ClockPM Segments MSI HPX-Type3]
[    0.381562] acpi PNP0A03:00: _OSC: not requesting OS control; OS requires [ExtendedConfig ASPM ClockPM MSI]
[    0.381569] acpi PNP0A03:00: fail to add MMCONFIG information, can't access extended PCI configuration space under this bridge.
[    0.381847] PCI host bridge to bus 0000:00
[    0.381849] pci_bus 0000:00: root bus resource [bus 00-ff]
[    0.381851] pci_bus 0000:00: root bus resource [io  0x0000-0x0cf7 window]
[    0.381852] pci_bus 0000:00: root bus resource [io  0x0d00-0xffff window]
[    0.381853] pci_bus 0000:00: root bus resource [mem 0x000a0000-0x000bffff window]
[    0.381854] pci_bus 0000:00: root bus resource [mem 0xe0000000-0xfdffffff window]
[    0.381882] pci 0000:00:00.0: [8086:1237] type 00 class 0x060000
[    0.382593] pci 0000:00:01.0: [8086:7000] type 00 class 0x060100
[    0.383409] pci 0000:00:01.1: [8086:7111] type 00 class 0x01018a
[    0.383759] pci 0000:00:01.1: reg 0x20: [io  0xd000-0xd00f]
[    0.383908] pci 0000:00:01.1: legacy IDE quirk: reg 0x10: [io  0x01f0-0x01f7]
[    0.383924] pci 0000:00:01.1: legacy IDE quirk: reg 0x14: [io  0x03f6]
[    0.383925] pci 0000:00:01.1: legacy IDE quirk: reg 0x18: [io  0x0170-0x0177]
[    0.383925] pci 0000:00:01.1: legacy IDE quirk: reg 0x1c: [io  0x0376]
[    0.384445] pci 0000:00:02.0: [15ad:0405] type 00 class 0x030000
[    0.385206] pci 0000:00:02.0: reg 0x10: [io  0xd010-0xd01f]
[    0.386676] pci 0000:00:02.0: reg 0x14: [mem 0xe0000000-0xe0ffffff pref]
[    0.388034] pci 0000:00:02.0: reg 0x18: [mem 0xf0000000-0xf01fffff]
[    0.393740] pci 0000:00:03.0: [8086:100e] type 00 class 0x020000
[    0.394803] pci 0000:00:03.0: reg 0x10: [mem 0xf0200000-0xf021ffff]
[    0.397043] pci 0000:00:03.0: reg 0x18: [io  0xd020-0xd027]
[    0.402895] pci 0000:00:04.0: [80ee:cafe] type 00 class 0x088000
[    0.404086] pci 0000:00:04.0: reg 0x10: [io  0xd040-0xd05f]
[    0.405042] pci 0000:00:04.0: reg 0x14: [mem 0xf0400000-0xf07fffff]
[    0.406116] pci 0000:00:04.0: reg 0x18: [mem 0xf0800000-0xf0803fff pref]
[    0.410473] pci 0000:00:05.0: [8086:2415] type 00 class 0x040100
[    0.410559] pci 0000:00:05.0: reg 0x10: [io  0xd100-0xd1ff]
[    0.410609] pci 0000:00:05.0: reg 0x14: [io  0xd200-0xd23f]
[    0.411293] pci 0000:00:06.0: [106b:003f] type 00 class 0x0c0310
[    0.412262] pci 0000:00:06.0: reg 0x10: [mem 0xf0804000-0xf0804fff]
[    0.420048] pci 0000:00:07.0: [8086:7113] type 00 class 0x068000
[    0.420440] pci 0000:00:07.0: quirk: [io  0x4000-0x403f] claimed by PIIX4 ACPI
[    0.420448] pci 0000:00:07.0: quirk: [io  0x4100-0x410f] claimed by PIIX4 SMB
[    0.422547] pci 0000:00:0d.0: [8086:2829] type 00 class 0x010601
[    0.423918] pci 0000:00:0d.0: reg 0x10: [io  0xd240-0xd247]
[    0.425038] pci 0000:00:0d.0: reg 0x14: [io  0xd248-0xd24b]
[    0.425089] pci 0000:00:0d.0: reg 0x18: [io  0xd250-0xd257]
[    0.426194] pci 0000:00:0d.0: reg 0x1c: [io  0xd258-0xd25b]
[    0.427244] pci 0000:00:0d.0: reg 0x20: [io  0xd260-0xd26f]
[    0.429040] pci 0000:00:0d.0: reg 0x24: [mem 0xf0806000-0xf0807fff]
[    0.434657] ACPI: PCI Interrupt Link [LNKA] (IRQs 5 9 10 *11)
[    0.434873] ACPI: PCI Interrupt Link [LNKB] (IRQs 5 9 *10 11)
[    0.434955] ACPI: PCI Interrupt Link [LNKC] (IRQs 5 *9 10 11)
[    0.435072] ACPI: PCI Interrupt Link [LNKD] (IRQs 5 9 10 *11)
[    0.435210] iommu: Default domain type: Translated 
[    0.435210] SCSI subsystem initialized
[    0.437057] libata version 3.00 loaded.
[    0.437059] pci 0000:00:02.0: vgaarb: setting as boot VGA device
[    0.437061] pci 0000:00:02.0: vgaarb: VGA device added: decodes=io+mem,owns=io+mem,locks=none
[    0.437063] pci 0000:00:02.0: vgaarb: bridge control possible
[    0.437064] vgaarb: loaded
[    0.437080] ACPI: bus type USB registered
[    0.437089] usbcore: registered new interface driver usbfs
[    0.437093] usbcore: registered new interface driver hub
[    0.437097] usbcore: registered new device driver usb
[    0.437110] pps_core: LinuxPPS API ver. 1 registered
[    0.437111] pps_core: Software ver. 5.3.6 - Copyright 2005-2007 Rodolfo Giometti <giometti@linux.it>
[    0.437112] PTP clock support registered
[    0.437137] EDAC MC: Ver: 3.0.0
[    0.437208] NetLabel: Initializing
[    0.437208] NetLabel:  domain hash size = 128
[    0.437208] NetLabel:  protocols = UNLABELED CIPSOv4 CALIPSO
[    0.437208] NetLabel:  unlabeled traffic allowed by default
[    0.437208] PCI: Using ACPI for IRQ routing
[    0.437208] PCI: pci_cache_line_size set to 64 bytes
[    0.437208] e820: reserve RAM buffer [mem 0x0009fc00-0x0009ffff]
[    0.437208] e820: reserve RAM buffer [mem 0xdfff0000-0xdfffffff]
[    0.437787] clocksource: Switched to clocksource kvm-clock
[    0.460110] VFS: Disk quotas dquot_6.6.0
[    0.460121] VFS: Dquot-cache hash table entries: 512 (order 0, 4096 bytes)
[    0.460185] AppArmor: AppArmor Filesystem Enabled
[    0.460202] pnp: PnP ACPI init
[    0.460250] pnp 00:00: Plug and Play ACPI device, IDs PNP0303 (active)
[    0.460302] pnp 00:01: Plug and Play ACPI device, IDs PNP0f03 (active)
[    0.460852] pnp: PnP ACPI: found 2 devices
[    0.468106] clocksource: acpi_pm: mask: 0xffffff max_cycles: 0xffffff, max_idle_ns: 2085701024 ns
[    0.468159] NET: Registered protocol family 2
[    0.471393] IP idents hash table entries: 65536 (order: 7, 524288 bytes, linear)
[    0.471788] tcp_listen_portaddr_hash hash table entries: 2048 (order: 3, 32768 bytes, linear)
[    0.471799] TCP established hash table entries: 32768 (order: 6, 262144 bytes, linear)
[    0.474294] TCP bind hash table entries: 32768 (order: 7, 524288 bytes, linear)
[    0.474342] TCP: Hash tables configured (established 32768 bind 32768)
[    0.474375] MPTCP token hash table entries: 4096 (order: 4, 98304 bytes, linear)
[    0.474408] UDP hash table entries: 2048 (order: 4, 65536 bytes, linear)
[    0.474415] UDP-Lite hash table entries: 2048 (order: 4, 65536 bytes, linear)
[    0.474474] NET: Registered protocol family 1
[    0.474478] NET: Registered protocol family 44
[    0.474483] pci_bus 0000:00: resource 4 [io  0x0000-0x0cf7 window]
[    0.474485] pci_bus 0000:00: resource 5 [io  0x0d00-0xffff window]
[    0.474487] pci_bus 0000:00: resource 6 [mem 0x000a0000-0x000bffff window]
[    0.474488] pci_bus 0000:00: resource 7 [mem 0xe0000000-0xfdffffff window]
[    0.474522] pci 0000:00:00.0: Limiting direct PCI/PCI transfers
[    0.474530] pci 0000:00:01.0: Activating ISA DMA hang workarounds
[    0.474567] pci 0000:00:02.0: Video device with shadowed ROM at [mem 0x000c0000-0x000dffff]
[    0.475571] PCI: CLS 0 bytes, default 64
[    0.475599] Trying to unpack rootfs image as initramfs...
[    0.907858] Freeing initrd memory: 51800K
[    0.907878] PCI-DMA: Using software bounce buffering for IO (SWIOTLB)
[    0.907878] software IO TLB: mapped [mem 0x00000000dbff0000-0x00000000dfff0000] (64MB)
[    0.907911] clocksource: tsc: mask: 0xffffffffffffffff max_cycles: 0x255cbae350f, max_idle_ns: 440795327587 ns
[    0.907963] clocksource: Switched to clocksource tsc
[    0.907987] platform rtc_cmos: registered platform RTC device (no PNP device found)
[    0.908004] check: Scanning for low memory corruption every 60 seconds
[    0.908424] Initialise system trusted keyrings
[    0.908479] Key type blacklist registered
[    0.908599] workingset: timestamp_bits=36 max_order=20 bucket_order=0
[    0.909315] zbud: loaded
[    0.909568] squashfs: version 4.0 (2009/01/31) Phillip Lougher
[    0.909783] fuse: init (API version 7.33)
[    0.909982] integrity: Platform Keyring initialized
[    0.915530] Key type asymmetric registered
[    0.915532] Asymmetric key parser 'x509' registered
[    0.915542] Block layer SCSI generic (bsg) driver version 0.4 loaded (major 243)
[    0.915707] io scheduler mq-deadline registered
[    0.915963] shpchp: Standard Hot Plug PCI Controller Driver version: 0.4
[    0.916128] ACPI: AC Adapter [AC] (on-line)
[    0.916200] input: Power Button as /devices/LNXSYSTM:00/LNXPWRBN:00/input/input0
[    0.916220] ACPI: Power Button [PWRF]
[    0.916302] input: Sleep Button as /devices/LNXSYSTM:00/LNXSLPBN:00/input/input1
[    0.916312] ACPI: Sleep Button [SLPF]
[    0.917133] battery: ACPI: Battery Slot [BAT0] (battery present)
[    0.917304] Serial: 8250/16550 driver, 32 ports, IRQ sharing enabled
[    0.918820] Linux agpgart interface v0.103
[    1.916989] loop: module loaded
[    1.917213] ata_piix 0000:00:01.1: version 2.13
[    1.917532] scsi host0: ata_piix
[    1.917642] scsi host1: ata_piix
[    1.917659] ata1: PATA max UDMA/33 cmd 0x1f0 ctl 0x3f6 bmdma 0xd000 irq 14
[    1.917660] ata2: PATA max UDMA/33 cmd 0x170 ctl 0x376 bmdma 0xd008 irq 15
[    1.917766] libphy: Fixed MDIO Bus: probed
[    1.917767] tun: Universal TUN/TAP device driver, 1.6
[    1.917830] PPP generic driver version 2.4.2
[    1.917923] VFIO - User Level meta-driver version: 0.3
[    1.917970] ehci_hcd: USB 2.0 'Enhanced' Host Controller (EHCI) Driver
[    1.917973] ehci-pci: EHCI PCI platform driver
[    1.917979] ehci-platform: EHCI generic platform driver
[    1.917982] ohci_hcd: USB 1.1 'Open' Host Controller (OHCI) Driver
[    1.917984] ohci-pci: OHCI PCI platform driver
[    1.918425] ohci-pci 0000:00:06.0: OHCI PCI host controller
[    1.918429] ohci-pci 0000:00:06.0: new USB bus registered, assigned bus number 1
[    1.918473] ohci-pci 0000:00:06.0: irq 22, io mem 0xf0804000
[    2.077454] usb usb1: New USB device found, idVendor=1d6b, idProduct=0001, bcdDevice= 5.11
[    2.077457] usb usb1: New USB device strings: Mfr=3, Product=2, SerialNumber=1
[    2.077458] usb usb1: Product: OHCI PCI host controller
[    2.077459] usb usb1: Manufacturer: Linux 5.11.0-34-generic ohci_hcd
[    2.077460] usb usb1: SerialNumber: 0000:00:06.0
[    2.077594] hub 1-0:1.0: USB hub found
[    2.077604] hub 1-0:1.0: 12 ports detected
[    2.077846] ohci-platform: OHCI generic platform driver
[    2.077854] uhci_hcd: USB Universal Host Controller Interface driver
[    2.077883] i8042: PNP: PS/2 Controller [PNP0303:PS2K,PNP0f03:PS2M] at 0x60,0x64 irq 1,12
[    2.078267] serio: i8042 KBD port at 0x60,0x64 irq 1
[    2.078271] serio: i8042 AUX port at 0x60,0x64 irq 12
[    2.078415] mousedev: PS/2 mouse device common for all mice
[    2.078782] rtc_cmos rtc_cmos: registered as rtc0
[    2.088619] rtc_cmos rtc_cmos: setting system clock to 2021-09-16T23:53:36 UTC (1631836416)
[    2.088670] rtc_cmos rtc_cmos: alarms up to one day, 114 bytes nvram
[    2.088708] i2c /dev entries driver
[    2.088834] device-mapper: uevent: version 1.0.3
[    2.088860] ata2.00: ATAPI: VBOX CD-ROM, 1.0, max UDMA/133
[    2.088956] input: AT Translated Set 2 keyboard as /devices/platform/i8042/serio0/input/input2
[    2.088974] device-mapper: ioctl: 4.43.0-ioctl (2020-10-01) initialised: dm-devel@redhat.com
[    2.089103] platform eisa.0: Probing EISA bus 0
[    2.089105] platform eisa.0: EISA: Cannot allocate resource for mainboard
[    2.089106] platform eisa.0: Cannot allocate resource for EISA slot 1
[    2.089107] platform eisa.0: Cannot allocate resource for EISA slot 2
[    2.089107] platform eisa.0: Cannot allocate resource for EISA slot 3
[    2.089108] platform eisa.0: Cannot allocate resource for EISA slot 4
[    2.089110] platform eisa.0: Cannot allocate resource for EISA slot 5
[    2.089111] platform eisa.0: Cannot allocate resource for EISA slot 6
[    2.089112] platform eisa.0: Cannot allocate resource for EISA slot 7
[    2.089113] platform eisa.0: Cannot allocate resource for EISA slot 8
[    2.089114] platform eisa.0: EISA: Detected 0 cards
[    2.089116] intel_pstate: CPU model not supported
[    2.089384] ledtrig-cpu: registered to indicate activity on CPUs
[    2.089454] intel_pmc_core intel_pmc_core.0:  initialized
[    2.089482] drop_monitor: Initializing network drop monitor service
[    2.089544] scsi 1:0:0:0: CD-ROM            VBOX     CD-ROM           1.0  PQ: 0 ANSI: 5
[    2.089580] NET: Registered protocol family 10
[    2.093185] Segment Routing with IPv6
[    2.093199] NET: Registered protocol family 17
[    2.093253] Key type dns_resolver registered
[    2.093469] IPI shorthand broadcast: enabled
[    2.093475] sched_clock: Marking stable (2084426947, 9011963)->(2096475415, -3036505)
[    2.093555] registered taskstats version 1
[    2.093562] Loading compiled-in X.509 certificates
[    2.094189] Loaded X.509 cert 'Build time autogenerated kernel key: bcf99be01c3d8ef4eea44f549d51a66e84b246e0'
[    2.094564] Loaded X.509 cert 'Canonical Ltd. Live Patch Signing: 14df34d1a87cf37625abec039ef2bf521249b969'
[    2.094925] Loaded X.509 cert 'Canonical Ltd. Kernel Module Signing: 88f752e560a1e0737e31163a466ad7b70a850c19'
[    2.094926] blacklist: Loading compiled-in revocation X.509 certificates
[    2.094937] Loaded X.509 cert 'Canonical Ltd. Secure Boot Signing: 61482aa2830d0ab2ad5af10b7250da9033ddcef0'
[    2.095014] zswap: loaded using pool lzo/zbud
[    2.095171] Key type ._fscrypt registered
[    2.095172] Key type .fscrypt registered
[    2.095173] Key type fscrypt-provisioning registered
[    2.096745] Key type encrypted registered
[    2.096748] AppArmor: AppArmor sha1 policy hashing enabled
[    2.096752] ima: No TPM chip found, activating TPM-bypass!
[    2.096755] ima: Allocated hash algorithm: sha1
[    2.096759] ima: No architecture policies found
[    2.096765] evm: Initialising EVM extended attributes:
[    2.096765] evm: security.selinux
[    2.096766] evm: security.SMACK64
[    2.096767] evm: security.SMACK64EXEC
[    2.096767] evm: security.SMACK64TRANSMUTE
[    2.096768] evm: security.SMACK64MMAP
[    2.096768] evm: security.apparmor
[    2.096769] evm: security.ima
[    2.096769] evm: security.capability
[    2.096770] evm: HMAC attrs: 0x1
[    2.096947] PM:   Magic number: 5:3:909
[    2.097129] RAS: Correctable Errors collector initialized.
[    2.122252] sr 1:0:0:0: [sr0] scsi3-mmc drive: 32x/32x xa/form2 tray
[    2.122256] cdrom: Uniform CD-ROM driver Revision: 3.20
[    2.233157] sr 1:0:0:0: Attached scsi CD-ROM sr0
[    2.233244] sr 1:0:0:0: Attached scsi generic sg0 type 5
[    2.234094] Freeing unused decrypted memory: 2036K
[    2.234299] Freeing unused kernel image (initmem) memory: 2688K
[    2.249769] Write protecting the kernel read-only data: 22528k
[    2.250330] Freeing unused kernel image (text/rodata gap) memory: 2036K
[    2.250438] Freeing unused kernel image (rodata/data gap) memory: 684K
[    2.292737] x86/mm: Checked W+X mappings: passed, no W+X pages found.
[    2.292745] Run /init as init process
[    2.292746]   with arguments:
[    2.292747]     /init
[    2.292748]     splash
[    2.292748]   with environment:
[    2.292749]     HOME=/
[    2.292749]     TERM=linux
[    2.292750]     BOOT_IMAGE=/boot/vmlinuz-5.11.0-34-generic
[    2.355079] ACPI: Video Device [GFX0] (multi-head: yes  rom: no  post: no)
[    2.355137] input: Video Bus as /devices/LNXSYSTM:00/LNXSYBUS:00/PNP0A03:00/LNXVIDEO:00/input/input4
[    2.385392] ahci 0000:00:0d.0: version 3.0
[    2.385502] e1000: Intel(R) PRO/1000 Network Driver
[    2.385504] e1000: Copyright (c) 1999-2006 Intel Corporation.
[    2.386163] piix4_smbus 0000:00:07.0: SMBus Host Controller at 0x4100, revision 0
[    2.386905] ahci 0000:00:0d.0: SSS flag set, parallel bus scan disabled
[    2.387056] ahci 0000:00:0d.0: AHCI 0001.0100 32 slots 1 ports 3 Gbps 0x1 impl SATA mode
[    2.387059] ahci 0000:00:0d.0: flags: 64bit ncq stag only ccc 
[    2.397097] scsi host2: ahci
[    2.397239] ata3: SATA max UDMA/133 abar m8192@0xf0806000 port 0xf0806100 irq 21
[    2.581290] usb 1-1: new full-speed USB device number 2 using ohci-pci
[    2.591489] input: ImExPS/2 Generic Explorer Mouse as /devices/platform/i8042/serio1/input/input5
[    2.712565] ata3: SATA link up 3.0 Gbps (SStatus 123 SControl 300)
[    2.712659] ata3.00: ATA-6: VBOX HARDDISK, 1.0, max UDMA/133
[    2.712661] ata3.00: 104857600 sectors, multi 128: LBA48 NCQ (depth 32)
[    2.712750] ata3.00: configured for UDMA/133
[    2.712842] scsi 2:0:0:0: Direct-Access     ATA      VBOX HARDDISK    1.0  PQ: 0 ANSI: 5
[    2.712994] sd 2:0:0:0: Attached scsi generic sg1 type 0
[    2.712996] sd 2:0:0:0: [sda] 104857600 512-byte logical blocks: (53.7 GB/50.0 GiB)
[    2.713002] sd 2:0:0:0: [sda] Write Protect is off
[    2.713003] sd 2:0:0:0: [sda] Mode Sense: 00 3a 00 00
[    2.713029] sd 2:0:0:0: [sda] Write cache: enabled, read cache: enabled, doesn't support DPO or FUA
[    2.739046]  sda: sda1 sda2 < sda5 >
[    2.753173] sd 2:0:0:0: [sda] Attached SCSI disk
[    2.757627] e1000 0000:00:03.0 eth0: (PCI:33MHz:32-bit) 08:00:27:ba:68:eb
[    2.757632] e1000 0000:00:03.0 eth0: Intel(R) PRO/1000 Network Connection
[    2.758309] e1000 0000:00:03.0 enp0s3: renamed from eth0
[    2.966968] usb 1-1: New USB device found, idVendor=80ee, idProduct=0021, bcdDevice= 1.00
[    2.966972] usb 1-1: New USB device strings: Mfr=1, Product=3, SerialNumber=0
[    2.966973] usb 1-1: Product: USB Tablet
[    2.966975] usb 1-1: Manufacturer: VirtualBox
[    2.976218] hid: raw HID events driver (C) Jiri Kosina
[    2.990063] usbcore: registered new interface driver usbhid
[    2.990065] usbhid: USB HID core driver
[    2.991504] input: VirtualBox USB Tablet as /devices/pci0000:00/0000:00:06.0/usb1/1-1/1-1:1.0/0003:80EE:0021.0001/input/input6
[    2.991712] hid-generic 0003:80EE:0021.0001: input,hidraw0: USB HID v1.10 Mouse [VirtualBox USB Tablet] on usb-0000:00:06.0-1/input0
[    3.039504] EXT4-fs (sda5): mounted filesystem with ordered data mode. Opts: (null). Quota mode: none.
[    3.137996] systemd[1]: Inserted module 'autofs4'
[    3.149352] systemd[1]: systemd 245.4-4ubuntu3.11 running in system mode. (+PAM +AUDIT +SELINUX +IMA +APPARMOR +SMACK +SYSVINIT +UTMP +LIBCRYPTSETUP +GCRYPT +GNUTLS +ACL +XZ +LZ4 +SECCOMP +BLKID +ELFUTILS +KMOD +IDN2 -IDN +PCRE2 default-hierarchy=hybrid)
[    3.149377] systemd[1]: Detected virtualization oracle.
[    3.149380] systemd[1]: Detected architecture x86-64.
[    3.170245] systemd[1]: Set hostname to <lee>.
[    3.310198] systemd[1]: Created slice system-modprobe.slice.
[    3.310324] systemd[1]: Created slice system-systemd\x2dfsck.slice.
[    3.310442] systemd[1]: Created slice User and Session Slice.
[    3.310473] systemd[1]: Started Forward Password Requests to Wall Directory Watch.
[    3.310559] systemd[1]: Set up automount Arbitrary Executable File Formats File System Automount Point.
[    3.310580] systemd[1]: Reached target User and Group Name Lookups.
[    3.310588] systemd[1]: Reached target Remote File Systems.
[    3.310592] systemd[1]: Reached target Slices.
[    3.310600] systemd[1]: Reached target System Time Set.
[    3.310604] systemd[1]: Reached target System Time Synchronized.
[    3.310663] systemd[1]: Listening on Syslog Socket.
[    3.310704] systemd[1]: Listening on fsck to fsckd communication Socket.
[    3.310729] systemd[1]: Listening on initctl Compatibility Named Pipe.
[    3.310810] systemd[1]: Listening on Journal Audit Socket.
[    3.310846] systemd[1]: Listening on Journal Socket (/dev/log).
[    3.310889] systemd[1]: Listening on Journal Socket.
[    3.310933] systemd[1]: Listening on udev Control Socket.
[    3.310966] systemd[1]: Listening on udev Kernel Socket.
[    3.311442] systemd[1]: Mounting Huge Pages File System...
[    3.311889] systemd[1]: Mounting POSIX Message Queue File System...
[    3.312350] systemd[1]: Mounting Kernel Debug File System...
[    3.312799] systemd[1]: Mounting Kernel Trace File System...
[    3.313602] systemd[1]: Starting Journal Service...
[    3.323540] systemd[1]: Starting Set the console keyboard layout...
[    3.324304] systemd[1]: Starting Create list of static device nodes for the current kernel...
[    3.324837] systemd[1]: Starting Load Kernel Module drm...
[    3.325918] systemd[1]: Condition check resulted in Set Up Additional Binary Formats being skipped.
[    3.325944] systemd[1]: Condition check resulted in File System Check on Root Device being skipped.
[    3.327127] systemd[1]: Starting Load Kernel Modules...
[    3.327954] systemd[1]: Starting Remount Root and Kernel File Systems...
[    3.328706] systemd[1]: Starting udev Coldplug all Devices...
[    3.329386] systemd[1]: Starting Uncomplicated firewall...
[    3.341121] systemd[1]: Mounted Huge Pages File System.
[    3.341240] systemd[1]: Mounted POSIX Message Queue File System.
[    3.341308] systemd[1]: Mounted Kernel Debug File System.
[    3.341409] systemd[1]: Mounted Kernel Trace File System.
[    3.341697] systemd[1]: Finished Create list of static device nodes for the current kernel.
[    3.348320] systemd[1]: Finished Uncomplicated firewall.
[    3.352216] systemd[1]: modprobe@drm.service: Succeeded.
[    3.352521] systemd[1]: Finished Load Kernel Module drm.
[    3.358886] EXT4-fs (sda5): re-mounted. Opts: errors=remount-ro. Quota mode: none.
[    3.367890] lp: driver loaded but no devices found
[    3.375804] ppdev: user-space parallel port driver
[    3.377887] systemd[1]: Finished Remount Root and Kernel File Systems.
[    3.378636] systemd[1]: Activating swap /swapfile...
[    3.381190] systemd[1]: Condition check resulted in Rebuild Hardware Database being skipped.
[    3.381233] systemd[1]: Condition check resulted in Platform Persistent Storage Archival being skipped.
[    3.382062] systemd[1]: Starting Load/Save Random Seed...
[    3.393746] systemd[1]: Starting Create System Users...
[    3.393831] systemd[1]: Started Journal Service.
[    3.402879] systemd-journald[259]: Received client request to flush runtime journal.
[    3.432781] Adding 2097148k swap on /swapfile.  Priority:-2 extents:6 across:2260988k FS
[    3.442296] loop0: detected capacity change from 0 to 292312
[    3.469263] loop1: detected capacity change from 0 to 292320
[    3.489316] loop2: detected capacity change from 0 to 444280
[    3.508144] loop3: detected capacity change from 0 to 426840
[    3.508380] loop4: detected capacity change from 0 to 203456
[    3.522317] loop5: detected capacity change from 0 to 113536
[    3.553437] loop6: detected capacity change from 0 to 133320
[    3.573211] loop7: detected capacity change from 0 to 104360
[    3.632490] loop8: detected capacity change from 0 to 66144
[    3.678339] loop9: detected capacity change from 0 to 337424
[    3.696382] vboxguest: loading out-of-tree module taints kernel.
[    3.696555] vboxguest: module verification failed: signature and/or required key missing - tainting kernel
[    3.732426] vgdrvHeartbeatInit: Setting up heartbeat to trigger every 2000 milliseconds
[    3.733344] input: Unspecified device as /devices/pci0000:00/0000:00:04.0/input/input7
[    3.734405] vboxguest: Successfully loaded version 6.1.26 r145957
[    3.734438] vboxguest: misc device minor 122, IRQ 20, I/O port d040, MMIO at 00000000f0400000 (size 0x400000)
[    3.734440] vboxguest: Successfully loaded version 6.1.26 r145957 (interface 0x00010004)
[    3.736664] loop10: detected capacity change from 0 to 448512
[    3.763251] [drm] DMA map mode: Caching DMA mappings.
[    3.763284] [drm] Capabilities:
[    3.763285] [drm]   Cursor.
[    3.763285] [drm]   Cursor bypass 2.
[    3.763286] [drm]   Alpha cursor.
[    3.763286] [drm]   3D.
[    3.763286] [drm]   Extended Fifo.
[    3.763287] [drm]   Pitchlock.
[    3.763287] [drm]   Irq mask.
[    3.763288] [drm]   GMR.
[    3.763288] [drm]   Traces.
[    3.763289] [drm]   GMR2.
[    3.763289] [drm]   Screen Object 2.
[    3.763290] [drm] Max GMR ids is 8192
[    3.763291] [drm] Max number of GMR pages is 1048576
[    3.763292] [drm] Max dedicated hypervisor surface memory is 507904 kiB
[    3.763292] [drm] Maximum display memory size is 16384 kiB
[    3.763293] [drm] VRAM at 0xe0000000 size is 16384 kiB
[    3.763294] [drm] MMIO at 0xf0000000 size is 2048 kiB
[    3.765575] RAPL PMU: API unit is 2^-32 Joules, 0 fixed counters, 10737418240 ms ovfl timer
[    3.765818] [TTM] Zone  kernel: Available graphics memory: 2013822 KiB
[    3.774247] loop11: detected capacity change from 0 to 66152
[    3.775499] cryptd: max_cpu_qlen set to 1000
[    3.780544] [drm] Screen Objects Display Unit initialized
[    3.780709] [drm] width 720
[    3.780718] [drm] height 400
[    3.780727] [drm] bpp 32
[    3.780875] [drm] Fifo max 0x00200000 min 0x00001000 cap 0x00000355
[    3.780896] [drm] Atomic: yes.
[    3.781006] [drm:vmw_host_log [vmwgfx]] *ERROR* Failed to send host log message.
[    3.781858] [drm:vmw_host_log [vmwgfx]] *ERROR* Failed to send host log message.
[    3.799025] fbcon: svgadrmfb (fb0) is primary device
[    3.806977] Console: switching to colour frame buffer device 100x37
[    3.807963] AVX2 version of gcm_enc/dec engaged.
[    3.807965] AES CTR mode by8 optimization enabled
[    3.809147] [drm] Initialized vmwgfx 2.18.0 20200114 for 0000:00:02.0 on minor 0
[    4.223061] snd_intel8x0 0000:00:05.0: allow list rate for 1028:0177 is 48000
[    4.510180] audit: type=1400 audit(1631836418.928:2): apparmor="STATUS" operation="profile_load" profile="unconfined" name="nvidia_modprobe" pid=613 comm="apparmor_parser"
[    4.510185] audit: type=1400 audit(1631836418.928:3): apparmor="STATUS" operation="profile_load" profile="unconfined" name="nvidia_modprobe//kmod" pid=613 comm="apparmor_parser"
[    4.513031] audit: type=1400 audit(1631836418.928:4): apparmor="STATUS" operation="profile_load" profile="unconfined" name="/usr/bin/man" pid=615 comm="apparmor_parser"
[    4.513035] audit: type=1400 audit(1631836418.928:5): apparmor="STATUS" operation="profile_load" profile="unconfined" name="man_filter" pid=615 comm="apparmor_parser"
[    4.513037] audit: type=1400 audit(1631836418.928:6): apparmor="STATUS" operation="profile_load" profile="unconfined" name="man_groff" pid=615 comm="apparmor_parser"
[    4.514487] audit: type=1400 audit(1631836418.932:7): apparmor="STATUS" operation="profile_load" profile="unconfined" name="/usr/sbin/tcpdump" pid=612 comm="apparmor_parser"
[    4.517595] audit: type=1400 audit(1631836418.936:8): apparmor="STATUS" operation="profile_load" profile="unconfined" name="/usr/lib/ibus/ibus-setup-hangul" pid=614 comm="apparmor_parser"
[    4.517599] audit: type=1400 audit(1631836418.936:9): apparmor="STATUS" operation="profile_load" profile="unconfined" name="/usr/lib/ibus/ibus-setup-hangul//python_profile" pid=614 comm="apparmor_parser"
[    4.523326] audit: type=1400 audit(1631836418.940:10): apparmor="STATUS" operation="profile_load" profile="unconfined" name="/usr/sbin/cups-browsed" pid=623 comm="apparmor_parser"
[    5.586871] loop12: detected capacity change from 0 to 8
[    7.029538] e1000: enp0s3 NIC Link is Up 1000 Mbps Full Duplex, Flow Control: RX
[    7.029808] IPv6: ADDRCONF(NETDEV_CHANGE): enp0s3: link becomes ready
[    8.630752] vboxvideo: loading version 6.1.26 r145957
[    8.661054] 23:53:43.082176 main     VBoxService 6.1.26 r145957 (verbosity: 0) linux.amd64 (Jul 28 2021 18:25:57) release log
               23:53:43.082178 main     Log opened 2021-09-16T23:53:43.082172000Z
[    8.661128] 23:53:43.082293 main     OS Product: Linux
[    8.661150] 23:53:43.082322 main     OS Release: 5.11.0-34-generic
[    8.661170] 23:53:43.082343 main     OS Version: #36~20.04.1-Ubuntu SMP Fri Aug 27 08:06:32 UTC 2021
[    8.661197] 23:53:43.082363 main     Executable: /opt/VBoxGuestAdditions-6.1.26/sbin/VBoxService
               23:53:43.082363 main     Process ID: 954
               23:53:43.082364 main     Package type: LINUX_64BITS_GENERIC
[    8.661824] 23:53:43.082975 main     6.1.26 r145957 started. Verbose level = 0
[    8.662388] 23:53:43.083539 main     vbglR3GuestCtrlDetectPeekGetCancelSupport: Supported (#1)
[   12.109656] rfkill: input handler disabled
[   12.567801] kauditd_printk_skb: 43 callbacks suppressed
[   12.567803] audit: type=1400 audit(1631836426.989:54): apparmor="DENIED" operation="capable" profile="/snap/snapd/12883/usr/lib/snapd/snap-confine" pid=1642 comm="snap-confine" capability=4  capname="fsetid"
[   14.553328] audit: type=1326 audit(1631836428.970:55): auid=1000 uid=1000 gid=1000 ses=2 subj=snap.snap-store.ubuntu-software pid=1642 comm="snap-store" exe="/snap/snap-store/547/usr/bin/snap-store" sig=0 arch=c000003e syscall=314 compat=0 ip=0x7f5f54168639 code=0x50000
[   15.460019] audit: type=1107 audit(1631836429.878:56): pid=669 uid=103 auid=4294967295 ses=4294967295 subj=unconfined msg='apparmor="DENIED" operation="dbus_method_call"  bus="system" path="/org/freedesktop/PolicyKit1/Authority" interface="org.freedesktop.DBus.Properties" member="GetAll" mask="send" name=":1.9" pid=1642 label="snap.snap-store.ubuntu-software" peer_pid=685 peer_label="unconfined"
                exe="/usr/bin/dbus-daemon" sauid=103 hostname=? addr=? terminal=?'
[   15.460348] audit: type=1107 audit(1631836429.878:57): pid=669 uid=103 auid=4294967295 ses=4294967295 subj=unconfined msg='apparmor="DENIED" operation="dbus_method_call"  bus="system" path="/org/freedesktop/PolicyKit1/Authority" interface="org.freedesktop.PolicyKit1.Authority" member="CheckAuthorization" mask="send" name=":1.9" pid=1642 label="snap.snap-store.ubuntu-software" peer_pid=685 peer_label="unconfined"
                exe="/usr/bin/dbus-daemon" sauid=103 hostname=? addr=? terminal=?'
[   17.250898] audit: type=1400 audit(1631836431.671:58): apparmor="DENIED" operation="open" profile="snap.snap-store.ubuntu-software" name="/var/lib/snapd/hostfs/usr/share/gdm/greeter/applications/gnome-initial-setup.desktop" pid=1642 comm="snap-store" requested_mask="r" denied_mask="r" fsuid=1000 ouid=0
[   17.276057] audit: type=1400 audit(1631836431.695:59): apparmor="DENIED" operation="open" profile="snap.snap-store.ubuntu-software" name="/var/lib/snapd/hostfs/usr/share/gdm/greeter/applications/gnome-initial-setup.desktop" pid=1642 comm="snap-store" requested_mask="r" denied_mask="r" fsuid=1000 ouid=0
[   17.671570] audit: type=1326 audit(1631836432.092:60): auid=1000 uid=1000 gid=1000 ses=2 subj=snap.snap-store.ubuntu-software pid=1642 comm="snap-store" exe="/snap/snap-store/547/usr/bin/snap-store" sig=0 arch=c000003e syscall=93 compat=0 ip=0x7f5f5415e4e7 code=0x50000
[   17.687162] audit: type=1107 audit(1631836432.108:61): pid=669 uid=103 auid=4294967295 ses=4294967295 subj=unconfined msg='apparmor="DENIED" operation="dbus_method_call"  bus="system" path="/org/freedesktop/PolicyKit1/Authority" interface="org.freedesktop.DBus.Properties" member="GetAll" mask="send" name=":1.9" pid=1642 label="snap.snap-store.ubuntu-software" peer_pid=685 peer_label="unconfined"
                exe="/usr/bin/dbus-daemon" sauid=103 hostname=? addr=? terminal=?'
[   17.687426] audit: type=1107 audit(1631836432.108:62): pid=669 uid=103 auid=4294967295 ses=4294967295 subj=unconfined msg='apparmor="DENIED" operation="dbus_method_call"  bus="system" path="/org/freedesktop/PolicyKit1/Authority" interface="org.freedesktop.PolicyKit1.Authority" member="CheckAuthorization" mask="send" name=":1.9" pid=1642 label="snap.snap-store.ubuntu-software" peer_pid=685 peer_label="unconfined"
                exe="/usr/bin/dbus-daemon" sauid=103 hostname=? addr=? terminal=?'
[   17.990078] audit: type=1400 audit(1631836432.412:63): apparmor="DENIED" operation="open" profile="snap.snap-store.ubuntu-software" name="/etc/PackageKit/Vendor.conf" pid=1642 comm="snap-store" requested_mask="r" denied_mask="r" fsuid=1000 ouid=0
[   42.039259] audit: type=1400 audit(1631836457.611:64): apparmor="DENIED" operation="open" profile="snap.snap-store.ubuntu-software" name="/var/lib/snapd/hostfs/usr/share/gdm/greeter/applications/gnome-initial-setup.desktop" pid=1642 comm="pool-org.gnome." requested_mask="r" denied_mask="r" fsuid=1000 ouid=0
[   42.060289] audit: type=1400 audit(1631836457.631:65): apparmor="DENIED" operation="open" profile="snap.snap-store.ubuntu-software" name="/var/lib/snapd/hostfs/usr/share/gdm/greeter/applications/gnome-initial-setup.desktop" pid=1642 comm="pool-org.gnome." requested_mask="r" denied_mask="r" fsuid=1000 ouid=0
[   42.477332] audit: type=1326 audit(1631836458.047:66): auid=1000 uid=1000 gid=1000 ses=2 subj=snap.snap-store.ubuntu-software pid=1642 comm="pool-org.gnome." exe="/snap/snap-store/547/usr/bin/snap-store" sig=0 arch=c000003e syscall=93 compat=0 ip=0x7f5f5415e4e7 code=0x50000
[   42.958321] audit: type=1400 audit(1631836458.527:67): apparmor="ALLOWED" operation="connect" profile="/usr/lib/ibus/ibus-engine-hangul" pid=2373 comm="ibus-engine-han" family="unix" sock_type="stream" protocol=0 requested_mask="send receive connect" denied_mask="send connect" addr=none peer_addr="@/home/lee/.cache/ibus/dbus-uQ6iIecR" peer="unconfined"
[24493.655011] main[7458]: segfault at 5d ip 00007fcd6db07a34 sp 00007fff00cbca48 error 4 in libc-2.31.so[7fcd6d9a6000+178000]
[24493.655017] Code: ff ff ff 0f 1f 00 48 63 c1 48 01 f8 c3 66 0f 1f 84 00 00 00 00 00 80 7e 10 00 0f 84 f1 fe ff ff e9 81 80 f3 ff 90 f3 0f 1e fa <80> 3e 00 0f 84 cb 00 00 00 89 f2 83 e2 0f 75 64 66 0f 6f 06 66 0f
[24510.261419] main[7473]: segfault at 5d ip 00007f13e68b3a34 sp 00007ffc739327f8 error 4 in libc-2.31.so[7f13e6752000+178000]
[24510.261426] Code: ff ff ff 0f 1f 00 48 63 c1 48 01 f8 c3 66 0f 1f 84 00 00 00 00 00 80 7e 10 00 0f 84 f1 fe ff ff e9 81 80 f3 ff 90 f3 0f 1e fa <80> 3e 00 0f 84 cb 00 00 00 89 f2 83 e2 0f 75 64 66 0f 6f 06 66 0f
[24519.220645] main[7488]: segfault at 5d ip 00007f9b05c58a34 sp 00007ffc503031a8 error 4 in libc-2.31.so[7f9b05af7000+178000]
[24519.220652] Code: ff ff ff 0f 1f 00 48 63 c1 48 01 f8 c3 66 0f 1f 84 00 00 00 00 00 80 7e 10 00 0f 84 f1 fe ff ff e9 81 80 f3 ff 90 f3 0f 1e fa <80> 3e 00 0f 84 cb 00 00 00 89 f2 83 e2 0f 75 64 66 0f 6f 06 66 0f
[24555.726817] main[7515]: segfault at 5d ip 00007f579d062a34 sp 00007ffe6ebeb608 error 4 in libc-2.31.so[7f579cf01000+178000]
[24555.726827] Code: ff ff ff 0f 1f 00 48 63 c1 48 01 f8 c3 66 0f 1f 84 00 00 00 00 00 80 7e 10 00 0f 84 f1 fe ff ff e9 81 80 f3 ff 90 f3 0f 1e fa <80> 3e 00 0f 84 cb 00 00 00 89 f2 83 e2 0f 75 64 66 0f 6f 06 66 0f
[24573.207392] main[7532]: segfault at 5d ip 00007f4443f12a34 sp 00007ffdc27557e8 error 4 in libc-2.31.so[7f4443db1000+178000]
[24573.207420] Code: ff ff ff 0f 1f 00 48 63 c1 48 01 f8 c3 66 0f 1f 84 00 00 00 00 00 80 7e 10 00 0f 84 f1 fe ff ff e9 81 80 f3 ff 90 f3 0f 1e fa <80> 3e 00 0f 84 cb 00 00 00 89 f2 83 e2 0f 75 64 66 0f 6f 06 66 0f
[24596.790711] main[7548]: segfault at 5d ip 00007f80c0a09a34 sp 00007fff020f63d8 error 4 in libc-2.31.so[7f80c08a8000+178000]
[24596.790721] Code: ff ff ff 0f 1f 00 48 63 c1 48 01 f8 c3 66 0f 1f 84 00 00 00 00 00 80 7e 10 00 0f 84 f1 fe ff ff e9 81 80 f3 ff 90 f3 0f 1e fa <80> 3e 00 0f 84 cb 00 00 00 89 f2 83 e2 0f 75 64 66 0f 6f 06 66 0f
[24675.246841] main[7587]: segfault at 5d ip 00007fbad3b89a34 sp 00007ffd41f50478 error 4 in libc-2.31.so[7fbad3a28000+178000]
[24675.246847] Code: ff ff ff 0f 1f 00 48 63 c1 48 01 f8 c3 66 0f 1f 84 00 00 00 00 00 80 7e 10 00 0f 84 f1 fe ff ff e9 81 80 f3 ff 90 f3 0f 1e fa <80> 3e 00 0f 84 cb 00 00 00 89 f2 83 e2 0f 75 64 66 0f 6f 06 66 0f
[24699.619224] main[7601]: segfault at 5d ip 00007f16e1638a34 sp 00007fff8ee92be8 error 4 in libc-2.31.so[7f16e14d7000+178000]
[24699.619231] Code: ff ff ff 0f 1f 00 48 63 c1 48 01 f8 c3 66 0f 1f 84 00 00 00 00 00 80 7e 10 00 0f 84 f1 fe ff ff e9 81 80 f3 ff 90 f3 0f 1e fa <80> 3e 00 0f 84 cb 00 00 00 89 f2 83 e2 0f 75 64 66 0f 6f 06 66 0f
[24718.696741] main[7633]: segfault at 5d ip 00007f83b74b3a34 sp 00007ffeeadca8c8 error 4 in libc-2.31.so[7f83b7352000+178000]
[24718.696748] Code: ff ff ff 0f 1f 00 48 63 c1 48 01 f8 c3 66 0f 1f 84 00 00 00 00 00 80 7e 10 00 0f 84 f1 fe ff ff e9 81 80 f3 ff 90 f3 0f 1e fa <80> 3e 00 0f 84 cb 00 00 00 89 f2 83 e2 0f 75 64 66 0f 6f 06 66 0f
[24808.499991] main[7669]: segfault at 5d ip 00007f31ffbfea34 sp 00007ffccb39d568 error 4 in libc-2.31.so[7f31ffa9d000+178000]
[24808.500015] Code: ff ff ff 0f 1f 00 48 63 c1 48 01 f8 c3 66 0f 1f 84 00 00 00 00 00 80 7e 10 00 0f 84 f1 fe ff ff e9 81 80 f3 ff 90 f3 0f 1e fa <80> 3e 00 0f 84 cb 00 00 00 89 f2 83 e2 0f 75 64 66 0f 6f 06 66 0f
[24829.136449] main[7698]: segfault at 5d ip 00007fb75925fa34 sp 00007fff70815338 error 4 in libc-2.31.so[7fb7590fe000+178000]
[24829.136456] Code: ff ff ff 0f 1f 00 48 63 c1 48 01 f8 c3 66 0f 1f 84 00 00 00 00 00 80 7e 10 00 0f 84 f1 fe ff ff e9 81 80 f3 ff 90 f3 0f 1e fa <80> 3e 00 0f 84 cb 00 00 00 89 f2 83 e2 0f 75 64 66 0f 6f 06 66 0f
[25542.271772] main[7856]: segfault at 0 ip 0000556136f29338 sp 00007ffdd8f2ea00 error 4 in main[556136f29000+1000]
[25542.271777] Code: ff ff 48 8d 05 07 0d 00 00 89 c2 48 8b 85 d8 f7 ff ff 89 d6 48 89 c7 e8 c6 fd ff ff 48 89 85 e8 f7 ff ff 48 8b 85 e8 f7 ff ff <0f> b6 00 0f be d0 48 8b 85 e0 f7 ff ff 0f b6 00 0f be c0 29 c2 89
[25562.312619] main[7887]: segfault at 0 ip 00005578333ef332 sp 00007ffc613d3080 error 4 in main[5578333ef000+1000]
[25562.312628] Code: ff 48 89 85 e0 f7 ff ff 48 8b 85 d8 f7 ff ff be 5d 00 00 00 48 89 c7 e8 cc fd ff ff 48 89 85 e8 f7 ff ff 48 8b 85 e8 f7 ff ff <0f> b6 00 0f be d0 48 8b 85 e0 f7 ff ff 0f b6 00 0f be c0 29 c2 89
[25747.671166] main[7940]: segfault at 7fff4e73f000 ip 00007f15f83c06be sp 00007fff4e73c5d8 error 6 in libc-2.31.so[7f15f8258000+178000]
[25747.671172] Code: e8 20 76 78 c5 fe 7f 07 48 83 c7 20 48 89 fe 83 e6 1f 48 29 f7 49 01 f0 49 81 e8 80 00 00 00 72 23 c5 fd 7f 07 c5 fd 7f 47 20 <c5> fd 7f 47 40 c5 fd 7f 47 60 48 81 c7 80 00 00 00 49 81 e8 80 00
[26135.170323] main[7996]: segfault at 7ffeb10cd000 ip 00007f53e0dc66b9 sp 00007ffeb10c91e8 error 6 in libc-2.31.so[7f53e0c5e000+178000]
[26135.170365] Code: 00 31 d2 49 83 e8 20 76 78 c5 fe 7f 07 48 83 c7 20 48 89 fe 83 e6 1f 48 29 f7 49 01 f0 49 81 e8 80 00 00 00 72 23 c5 fd 7f 07 <c5> fd 7f 47 20 c5 fd 7f 47 40 c5 fd 7f 47 60 48 81 c7 80 00 00 00
[26210.205279] main[8038]: segfault at 7ffeae39e000 ip 00007fcc10a556be sp 00007ffeae39b0c8 error 6 in libc-2.31.so[7fcc108ed000+178000]
[26210.205286] Code: e8 20 76 78 c5 fe 7f 07 48 83 c7 20 48 89 fe 83 e6 1f 48 29 f7 49 01 f0 49 81 e8 80 00 00 00 72 23 c5 fd 7f 07 c5 fd 7f 47 20 <c5> fd 7f 47 40 c5 fd 7f 47 60 48 81 c7 80 00 00 00 49 81 e8 80 00
